// Jest Snapshot v1, https://goo.gl/fbAQLP

exports[`<CartCount> matches the snapshot 1`] = `
<CartCount__AnimationStyles>
  <TransitionGroup
    childFactory={[Function]}
    component="div"
  >
    <CSSTransition
      className="count"
      classNames="count"
      key="11"
      timeout={
        Object {
          "enter": 400,
          "exit": 400,
        }
      }
      unmountOnExit={true}
    >
      <CartCount__Dot>
        11
      </CartCount__Dot>
    </CSSTransition>
  </TransitionGroup>
</CartCount__AnimationStyles>
`;
