// Jest Snapshot v1, https://goo.gl/fbAQLP

exports[`<Nav/> renders a minimal nav when signed out 1`] = `
<ul
  className="NavStyles-sc-11c0d2g-0 xrMje"
  data-test="nav"
>
  <Link
    href="/items"
  >
    <a
      href="/items"
      onClick={[Function]}
    >
      Shop
    </a>
  </Link>
  <Link
    href="/signup"
  >
    <a
      href="/signup"
      onClick={[Function]}
    >
      Sign In
    </a>
  </Link>
</ul>
`;

exports[`<Nav/> renders full nav when signed in 1`] = `
<ul
  className="NavStyles-sc-11c0d2g-0 xrMje"
  data-test="nav"
>
  <Link
    href="/items"
  >
    <a
      href="/items"
      onClick={[Function]}
    >
      Shop
    </a>
  </Link>
  <Link
    href="/sell"
  >
    <a
      href="/sell"
      onClick={[Function]}
    >
      Sell
    </a>
  </Link>
  <Link
    href="/orders"
  >
    <a
      href="/orders"
      onClick={[Function]}
    >
      Orders
    </a>
  </Link>
  <Link
    href="/me"
  >
    <a
      href="/me"
      onClick={[Function]}
    >
      Account
    </a>
  </Link>
  <Signout>
    <Mutation
      mutation={
        Object {
          "definitions": Array [
            Object {
              "directives": Array [],
              "kind": "OperationDefinition",
              "name": Object {
                "kind": "Name",
                "value": "SIGN_OUT_MUTATION",
              },
              "operation": "mutation",
              "selectionSet": Object {
                "kind": "SelectionSet",
                "selections": Array [
                  Object {
                    "alias": undefined,
                    "arguments": Array [],
                    "directives": Array [],
                    "kind": "Field",
                    "name": Object {
                      "kind": "Name",
                      "value": "signout",
                    },
                    "selectionSet": Object {
                      "kind": "SelectionSet",
                      "selections": Array [
                        Object {
                          "alias": undefined,
                          "arguments": Array [],
                          "directives": Array [],
                          "kind": "Field",
                          "name": Object {
                            "kind": "Name",
                            "value": "message",
                          },
                          "selectionSet": undefined,
                        },
                      ],
                    },
                  },
                ],
              },
              "variableDefinitions": Array [],
            },
          ],
          "kind": "Document",
          "loc": Object {
            "end": 70,
            "start": 0,
          },
        }
      }
      refetchQueries={
        Array [
          Object {
            "query": Object {
              "definitions": Array [
                Object {
                  "directives": Array [],
                  "kind": "OperationDefinition",
                  "name": undefined,
                  "operation": "query",
                  "selectionSet": Object {
                    "kind": "SelectionSet",
                    "selections": Array [
                      Object {
                        "alias": undefined,
                        "arguments": Array [],
                        "directives": Array [],
                        "kind": "Field",
                        "name": Object {
                          "kind": "Name",
                          "value": "me",
                        },
                        "selectionSet": Object {
                          "kind": "SelectionSet",
                          "selections": Array [
                            Object {
                              "alias": undefined,
                              "arguments": Array [],
                              "directives": Array [],
                              "kind": "Field",
                              "name": Object {
                                "kind": "Name",
                                "value": "id",
                              },
                              "selectionSet": undefined,
                            },
                            Object {
                              "alias": undefined,
                              "arguments": Array [],
                              "directives": Array [],
                              "kind": "Field",
                              "name": Object {
                                "kind": "Name",
                                "value": "email",
                              },
                              "selectionSet": undefined,
                            },
                            Object {
                              "alias": undefined,
                              "arguments": Array [],
                              "directives": Array [],
                              "kind": "Field",
                              "name": Object {
                                "kind": "Name",
                                "value": "name",
                              },
                              "selectionSet": undefined,
                            },
                            Object {
                              "alias": undefined,
                              "arguments": Array [],
                              "directives": Array [],
                              "kind": "Field",
                              "name": Object {
                                "kind": "Name",
                                "value": "permissions",
                              },
                              "selectionSet": undefined,
                            },
                            Object {
                              "alias": undefined,
                              "arguments": Array [],
                              "directives": Array [],
                              "kind": "Field",
                              "name": Object {
                                "kind": "Name",
                                "value": "cart",
                              },
                              "selectionSet": Object {
                                "kind": "SelectionSet",
                                "selections": Array [
                                  Object {
                                    "alias": undefined,
                                    "arguments": Array [],
                                    "directives": Array [],
                                    "kind": "Field",
                                    "name": Object {
                                      "kind": "Name",
                                      "value": "id",
                                    },
                                    "selectionSet": undefined,
                                  },
                                  Object {
                                    "alias": undefined,
                                    "arguments": Array [],
                                    "directives": Array [],
                                    "kind": "Field",
                                    "name": Object {
                                      "kind": "Name",
                                      "value": "quantity",
                                    },
                                    "selectionSet": undefined,
                                  },
                                  Object {
                                    "alias": undefined,
                                    "arguments": Array [],
                                    "directives": Array [],
                                    "kind": "Field",
                                    "name": Object {
                                      "kind": "Name",
                                      "value": "item",
                                    },
                                    "selectionSet": Object {
                                      "kind": "SelectionSet",
                                      "selections": Array [
                                        Object {
                                          "alias": undefined,
                                          "arguments": Array [],
                                          "directives": Array [],
                                          "kind": "Field",
                                          "name": Object {
                                            "kind": "Name",
                                            "value": "id",
                                          },
                                          "selectionSet": undefined,
                                        },
                                        Object {
                                          "alias": undefined,
                                          "arguments": Array [],
                                          "directives": Array [],
                                          "kind": "Field",
                                          "name": Object {
                                            "kind": "Name",
                                            "value": "price",
                                          },
                                          "selectionSet": undefined,
                                        },
                                        Object {
                                          "alias": undefined,
                                          "arguments": Array [],
                                          "directives": Array [],
                                          "kind": "Field",
                                          "name": Object {
                                            "kind": "Name",
                                            "value": "image",
                                          },
                                          "selectionSet": undefined,
                                        },
                                        Object {
                                          "alias": undefined,
                                          "arguments": Array [],
                                          "directives": Array [],
                                          "kind": "Field",
                                          "name": Object {
                                            "kind": "Name",
                                            "value": "title",
                                          },
                                          "selectionSet": undefined,
                                        },
                                        Object {
                                          "alias": undefined,
                                          "arguments": Array [],
                                          "directives": Array [],
                                          "kind": "Field",
                                          "name": Object {
                                            "kind": "Name",
                                            "value": "description",
                                          },
                                          "selectionSet": undefined,
                                        },
                                      ],
                                    },
                                  },
                                ],
                              },
                            },
                          ],
                        },
                      },
                    ],
                  },
                  "variableDefinitions": Array [],
                },
              ],
              "kind": "Document",
              "loc": Object {
                "end": 237,
                "start": 0,
              },
            },
          },
        ]
      }
    >
      <button
        onClick={[Function]}
      >
        Sign Out
      </button>
    </Mutation>
  </Signout>
  <Mutation
    mutation={
      Object {
        "definitions": Array [
          Object {
            "directives": Array [],
            "kind": "OperationDefinition",
            "name": undefined,
            "operation": "mutation",
            "selectionSet": Object {
              "kind": "SelectionSet",
              "selections": Array [
                Object {
                  "alias": undefined,
                  "arguments": Array [],
                  "directives": Array [
                    Object {
                      "arguments": Array [],
                      "kind": "Directive",
                      "name": Object {
                        "kind": "Name",
                        "value": "client",
                      },
                    },
                  ],
                  "kind": "Field",
                  "name": Object {
                    "kind": "Name",
                    "value": "toggleCart",
                  },
                  "selectionSet": undefined,
                },
              ],
            },
            "variableDefinitions": Array [],
          },
        ],
        "kind": "Document",
        "loc": Object {
          "end": 41,
          "start": 0,
        },
      }
    }
  >
    <button
      onClick={[Function]}
    >
      My Cart
      <CartCount
        count={0}
      >
        <CartCount__AnimationStyles>
          <span
            className="CartCount__AnimationStyles-xxvp4g-0 dUBCsF"
          >
            <TransitionGroup
              childFactory={[Function]}
              component="div"
            >
              <div>
                <CSSTransition
                  className="count"
                  classNames="count"
                  in={true}
                  key=".$0"
                  onExited={[Function]}
                  timeout={
                    Object {
                      "enter": 400,
                      "exit": 400,
                    }
                  }
                  unmountOnExit={true}
                >
                  <Transition
                    appear={false}
                    className="count"
                    enter={true}
                    exit={true}
                    in={true}
                    mountOnEnter={false}
                    onEnter={[Function]}
                    onEntered={[Function]}
                    onEntering={[Function]}
                    onExit={[Function]}
                    onExited={[Function]}
                    onExiting={[Function]}
                    timeout={
                      Object {
                        "enter": 400,
                        "exit": 400,
                      }
                    }
                    unmountOnExit={true}
                  >
                    <CartCount__Dot
                      className="count"
                    >
                      <div
                        className="count CartCount__Dot-xxvp4g-1 bCqhdZ"
                      >
                        0
                      </div>
                    </CartCount__Dot>
                  </Transition>
                </CSSTransition>
              </div>
            </TransitionGroup>
          </span>
        </CartCount__AnimationStyles>
      </CartCount>
    </button>
  </Mutation>
</ul>
`;

exports[`<Nav/> renders the amount of items in the cart 1`] = `
<div
  className="count CartCount__Dot-xxvp4g-1 bCqhdZ"
>
  9
</div>
`;
